// Jest Snapshot v1, https://goo.gl/fbAQLP

exports[`Extruder should render correctly 1`] = `
<div>
  <div
    class="extruder left"
  >
    <svg>
      extruder.svg
    </svg>
  </div>
</div>
`;
